WARNING: Final field name in class ghidra.util.charset.CharsetInfo has been mutated reflectively by class com.google.gson.internal.bind.ReflectiveTypeAdapterFactory$2 in unnamed module @28b46423 (file:/opt/ghidra/Ghidra/Framework/Generic/lib/gson-2.13.2.jar)
WARNING: Use --enable-final-field-mutation=ALL-UNNAMED to avoid a warning
WARNING: Mutating final fields will be blocked in a future release unless final field mutation is enabled

========== FUN_001139ba @ 001139ba  [BCM_OwnerFlash] ==========

void FUN_001139ba(undefined8 param_1,undefined8 param_2,undefined8 param_3,int param_4)

{
  int iVar1;
  uint uVar2;
  short *psVar3;
  
  psVar3 = (short *)(&DAT_4000b0b0 + param_4);
  iVar1 = (int)param_3 * 0x24;
  if (((&DAT_4000b0ba)[param_4] & 2) != 0) {
    *psVar3 = *psVar3 + 1;
  }
  uVar2 = ((byte)(&DAT_4000b0bb)[param_4] & 0x1c) >> 2;
  if (1 < uVar2) {
    if (uVar2 == 2) {
      if (*(short *)(&DAT_4000b0b2 + param_4) == *(short *)(&DAT_00113256 + iVar1)) {
        FUN_001148cc();
        (&DAT_4000b0bb)[param_4] = 100;
        FUN_0011564e();
        *(undefined2 *)(&DAT_4000b0b2 + param_4) = 0;
      }
      *(short *)(&DAT_4000b0b2 + param_4) = *(short *)(&DAT_4000b0b2 + param_4) + 1;
    }
    else if (uVar2 < 4) {
      if (*psVar3 == *(short *)(&DAT_00113254 + iVar1)) {
        (&DAT_4000b0bb)[param_4] = 0x69;
        FUN_0011564e();
        FUN_001146d0();
        *psVar3 = 0;
        (&DAT_4000b0ba)[param_4] = (&DAT_4000b0ba)[param_4] & 0xfd;
        *(undefined2 *)(&DAT_4000b0b2 + param_4) = 0;
      }
    }
    else if (uVar2 == 4) {
      if ((*(short *)(&DAT_0011325a + iVar1) != 0) &&
         (*(short *)(&DAT_4000b0b8 + param_4) = *(short *)(&DAT_4000b0b8 + param_4) + 1,
         *(short *)(&DAT_4000b0b8 + param_4) == *(short *)(&DAT_0011325a + iVar1))) {
        FUN_00114612();
        (&DAT_4000b0ba)[param_4] = (&DAT_4000b0ba)[param_4] | 0x20;
        *(undefined2 *)(&DAT_4000b0b8 + param_4) = 0;
      }
    }
    else if (uVar2 == 5) {
      if (*(short *)(&DAT_4000b0b4 + param_4) == *(short *)(&DAT_00113258 + iVar1)) {
        *(undefined2 *)(&DAT_4000b0b4 + param_4) = 0;
        FUN_00114406(param_3,0);
        if (((&DAT_4000b0ba)[param_4] & 1) == 0) {
          (&DAT_4000b0bb)[param_4] = 0x8f;
          (&DAT_4000b0bc)[param_4] = (&DAT_4000b0bc)[param_4] & 0xf8;
          FUN_0011564e();
        }
        else {
          FUN_0011564e();
          (&DAT_4000b0bb)[param_4] = 0x93;
          *(undefined2 *)(&DAT_4000b0b8 + param_4) = 0;
        }
      }
      *(short *)(&DAT_4000b0b4 + param_4) = *(short *)(&DAT_4000b0b4 + param_4) + 1;
    }
  }
  if (*psVar3 == *(short *)(&DAT_00113254 + iVar1)) {
    *psVar3 = 0;
    FUN_00113840(0x1e);
    FUN_0003b47a(DAT_00113228,1);
  }
  return;
}



========== FUN_00113b02 @ 00113b02  [BCM_OwnerFlash] ==========

void FUN_00113b02(void)

{
  uint uVar1;
  
  DAT_400053e8 = 0;
  if (DAT_00113220 == 0x56206517) {
    FUN_0011424e(0);
    for (uVar1 = 0; uVar1 < DAT_0011323e; uVar1 = uVar1 + 1 & 0xff) {
      (&DAT_4000b0bb)[uVar1 * 0xe] = 100;
      FUN_0011564e((&DAT_00113260)[uVar1 * 0x24],0,1);
    }
    DAT_400053e8 = 1;
  }
  return;
}



========== FUN_00113b9a @ 00113b9a  [BCM_OwnerFlash] ==========

undefined8 FUN_00113b9a(uint param_1)

{
  int iVar1;
  uint uVar2;
  char cVar3;
  uint uVar5;
  undefined8 uVar4;
  
  cVar3 = DAT_400053e8;
  if (cVar3 == '\0') {
    FUN_00113840(0x1e,param_1,2,1);
    uVar4 = 1;
  }
  else {
    if ((param_1 < DAT_0011323c) || (DAT_0011323d < param_1)) {
      uVar5 = 0xff;
    }
    else {
      uVar5 = (uint)*(byte *)((int)&PTR_DAT_0011322e + (param_1 - DAT_0011323c));
    }
    if (uVar5 == 0xff) {
      FUN_00113840(0x1e,param_1,2,2);
      uVar4 = 1;
    }
    else {
      iVar1 = uVar5 * 0xe;
      uVar2 = ((byte)(&DAT_4000b0bb)[iVar1] & 0x1c) >> 2;
      (&DAT_4000b0ba)[iVar1] = (&DAT_4000b0ba)[iVar1] | 1;
      if (uVar2 == 3) {
        (&DAT_4000b0bb)[iVar1] = 0x93;
        FUN_0011564e(param_1,3,4);
        FUN_001143c2(uVar5);
        if (*(short *)(&DAT_4000b0b0 + iVar1) == *(short *)(&DAT_00113254 + uVar5 * 0x24)) {
          *(short *)(&DAT_4000b0b0 + iVar1) = 0;
        }
      }
      if (uVar2 == 2) {
        *(undefined2 *)(&DAT_4000b0b2 + iVar1) = 0;
        FUN_00114456(uVar5);
      }
      if (((&DAT_4000b0bb)[iVar1] & 0x20) != 0) {
        FUN_00113f6c(uVar5,param_1,0);
      }
      uVar4 = 0;
    }
  }
  return uVar4;
}



========== FUN_00113caa @ 00113caa  [BCM_OwnerFlash] ==========

undefined8 FUN_00113caa(uint param_1)

{
  int iVar1;
  char cVar2;
  uint uVar4;
  undefined8 uVar3;
  
  cVar2 = DAT_400053e8;
  if (cVar2 == '\0') {
    FUN_00113840(0x1e,param_1,3,1);
    uVar3 = 1;
  }
  else {
    if ((param_1 < DAT_0011323c) || (DAT_0011323d < param_1)) {
      uVar4 = 0xff;
    }
    else {
      uVar4 = (uint)*(byte *)((int)&PTR_DAT_0011322e + (param_1 - DAT_0011323c));
    }
    if (uVar4 == 0xff) {
      FUN_00113840(0x1e,param_1,3,2);
      uVar3 = 1;
    }
    else {
      iVar1 = uVar4 * 0xe;
      (&DAT_4000b0ba)[iVar1] = (&DAT_4000b0ba)[iVar1] & 0xfe;
      if (((&DAT_4000b0bb)[iVar1] & 0x1c) == 0x10) {
        (&DAT_4000b0bb)[iVar1] = 0x8f;
        FUN_0011564e(param_1,4,3);
        (&DAT_4000b0bc)[iVar1] = (&DAT_4000b0bc)[iVar1] & 0xf8;
        if (*(short *)(&DAT_0011325a + uVar4 * 0x24) != 0) {
          *(undefined2 *)(&DAT_4000b0b8 + iVar1) = 0;
          (&DAT_4000b0ba)[iVar1] = (&DAT_4000b0ba)[iVar1] & 0xdf;
        }
      }
      uVar3 = 0;
    }
  }
  return uVar3;
}



========== FUN_00113f6c @ 00113f6c  [BCM_OwnerFlash] ==========

void FUN_00113f6c(undefined8 param_1,undefined8 param_2,int param_3)

{
  int iVar1;
  uint uVar2;
  
  iVar1 = (int)param_1 * 0xe;
  if ((param_3 == 0) || (((&DAT_4000b0bb)[iVar1] & 0x80) != 0)) {
    uVar2 = ((byte)(&DAT_4000b0bb)[iVar1] & 0x1c) >> 2;
    if (param_3 == 0) {
      (&DAT_4000b0bb)[iVar1] = 0x57;
      FUN_001155c8(param_2);
      (&DAT_4000b0ba)[iVar1] = (&DAT_4000b0ba)[iVar1] | 2;
      *(undefined2 *)(&DAT_4000b0b0 + iVar1) = 0;
    }
    else if (((uVar2 == 4) && (*(short *)(&DAT_0011325a + (int)param_1 * 0x24) != 0)) &&
            (*(undefined2 *)(&DAT_4000b0b8 + iVar1) = 0, ((&DAT_4000b0ba)[iVar1] & 0x20) != 0)) {
      FUN_0011463c(param_2);
      (&DAT_4000b0ba)[iVar1] = (&DAT_4000b0ba)[iVar1] & 0xdf;
    }
    (&DAT_4000b0bb)[iVar1] = 0x57;
    FUN_0011564e(param_2,(char)uVar2,5);
    FUN_001143c2(param_1);
    *(undefined2 *)(&DAT_4000b0b4 + iVar1) = 0;
  }
  return;
}


