openjdk version "26.0.2.1" 2026-08-18
OpenJDK Runtime Environment (build 26.0.2.1)
OpenJDK 64-Bit Server VM (build 26.0.2.1, mixed mode)
INFO  Using log config file: jar:file:/opt/ghidra/Ghidra/Framework/Generic/lib/Generic.jar!/generic.log4j.xml (LoggingInitialization)  
INFO  Using log file: /home/gl/.config/ghidra/ghidra_12.1.2_DEV/application.log (LoggingInitialization)  
INFO  Loading user preferences: /home/gl/.config/ghidra/ghidra_12.1.2_DEV/preferences (Preferences)  
INFO  Searching for classes... (ClassSearcher)  
INFO  Class search complete (408 ms) (ClassSearcher)  
WARNING: Final field name in class ghidra.util.charset.CharsetInfo has been mutated reflectively by class com.google.gson.internal.bind.ReflectiveTypeAdapterFactory$2 in unnamed module @58695725 (file:/opt/ghidra/Ghidra/Framework/Generic/lib/gson-2.13.2.jar)
WARNING: Use --enable-final-field-mutation=ALL-UNNAMED to avoid a warning
WARNING: Mutating final fields will be blocked in a future release unless final field mutation is enabled
INFO  Initializing SSL Context (DefaultSSLContextInitializer)  
INFO  Initializing Random Number Generator... (SecureRandomFactory)  
INFO  Random Number Generator initialization complete: NativePRNGNonBlocking (SecureRandomFactory)  
INFO  Trust manager disabled, cacerts have not been set (DefaultTrustManagerFactory)  
INFO  Headless startup complete (984 ms) (AnalyzeHeadless)  
INFO  Class searcher loaded 59 extension points (20 false positives) (ClassSearcher)  
WARNING: A terminally deprecated method in sun.misc.Unsafe has been called
WARNING: sun.misc.Unsafe::staticFieldOffset has been called by org.apache.felix.framework.util.SecureAction (file:/opt/ghidra/Ghidra/Features/Base/lib/org.apache.felix.framework-7.0.5.jar)
WARNING: Please consider reporting this to the maintainers of class org.apache.felix.framework.util.SecureAction
WARNING: sun.misc.Unsafe::staticFieldOffset will be removed in a future release
INFO  HEADLESS Script Paths:
    /opt/ghidra/Ghidra/Features/SystemEmulation/ghidra_scripts
    /opt/ghidra/Ghidra/Features/GnuDemangler/ghidra_scripts
    /opt/ghidra/Ghidra/Features/WildcardAssembler/ghidra_scripts
    /opt/ghidra/Ghidra/Processors/DATA/ghidra_scripts
    /opt/ghidra/Ghidra/Features/DecompilerDependent/ghidra_scripts
    /opt/ghidra/Ghidra/Processors/JVM/ghidra_scripts
    /home/gl/Projects/ford/BCM/Research/work
    /opt/ghidra/Ghidra/Debug/Debugger-rmi-trace/ghidra_scripts
    /opt/ghidra/Ghidra/Features/MicrosoftCodeAnalyzer/ghidra_scripts
    /opt/ghidra/Ghidra/Features/VersionTracking/ghidra_scripts
    /opt/ghidra/Ghidra/Features/PyGhidra/ghidra_scripts
    /opt/ghidra/Ghidra/Features/SwiftDemangler/ghidra_scripts
    /opt/ghidra/Ghidra/Features/Base/ghidra_scripts
    /opt/ghidra/Ghidra/Processors/Atmel/ghidra_scripts
    /opt/ghidra/Ghidra/Debug/Debugger/ghidra_scripts
    /opt/ghidra/Ghidra/Features/Decompiler/ghidra_scripts
    /opt/ghidra/Ghidra/Features/FunctionID/ghidra_scripts
    /opt/ghidra/Ghidra/Features/PDB/ghidra_scripts
    /opt/ghidra/Ghidra/Processors/8051/ghidra_scripts
    /opt/ghidra/Ghidra/Processors/PIC/ghidra_scripts
    /opt/ghidra/Ghidra/Features/FileFormats/ghidra_scripts
    /opt/ghidra/Ghidra/Features/BSim/ghidra_scripts
    /opt/ghidra/Ghidra/Features/BytePatterns/ghidra_scripts (HeadlessAnalyzer)  
INFO  HEADLESS: execution starts (HeadlessAnalyzer)  
INFO  Opening existing project: /home/gl/Projects/ford/BCM/Research/ghidra_proj/BCM_C1MCA (HeadlessAnalyzer)  
INFO  Opening project: /home/gl/Projects/ford/BCM/Research/ghidra_proj/BCM_C1MCA (HeadlessProject)  
INFO  REPORT: Processing project file: /flash_merged.bin (HeadlessAnalyzer)  
INFO  REPORT: Execute script: gh_find_ids.py  (HeadlessAnalyzer)  
ERROR REPORT SCRIPT ERROR: gh_find_ids.py : Ghidra was not started with PyGhidra. Python is not available (HeadlessAnalyzer) ghidra.app.script.GhidraScriptLoadException: Ghidra was not started with PyGhidra. Python is not available
	at ghidra.pyghidra.PyGhidraScriptProvider.getScriptInstance(PyGhidraScriptProvider.java:75)
	at ghidra.app.util.headless.HeadlessAnalyzer.runScriptsList(HeadlessAnalyzer.java:927)
	at ghidra.app.util.headless.HeadlessAnalyzer.analyzeProgram(HeadlessAnalyzer.java:1097)
	at ghidra.app.util.headless.HeadlessAnalyzer.processFileNoImport(HeadlessAnalyzer.java:1195)
	at ghidra.app.util.headless.HeadlessAnalyzer.processFolderNoImport(HeadlessAnalyzer.java:1367)
	at ghidra.app.util.headless.HeadlessAnalyzer.processNoImport(HeadlessAnalyzer.java:1396)
	at ghidra.app.util.headless.HeadlessAnalyzer.processLocal(HeadlessAnalyzer.java:461)
	at ghidra.app.util.headless.AnalyzeHeadless.launch(AnalyzeHeadless.java:199)
	at ghidra.GhidraLauncher.launch(GhidraLauncher.java:81)
	at ghidra.Ghidra.main(Ghidra.java:54)
 
INFO  REPORT: Save succeeded for processed file: /flash_merged.bin (HeadlessAnalyzer)  
